// Jest Snapshot v1, https://goo.gl/fbAQLP

exports[`Table render should render correctly 1`] = `
<table>
  <tr>
    <th>
      Name
    </th>
    <th>
      id
    </th>
    <th>
      data
    </th>
  </tr>
  <tr>
    <td>
      Alex
    </td>
    <td>
      0
    </td>
    <td>
      stud
    </td>
  </tr>
  <tr>
    <td>
      Cindy
    </td>
    <td>
      1
    </td>
    <td>
      studdette
    </td>
  </tr>
</table>
`;
